// Jest Snapshot v1, https://goo.gl/fbAQLP

exports[`ErrorText component Testing render with snapshot 1`] = `
<Text
  style={
    Array [
      Object {
        "color": "#000000",
        "fontFamily": "System",
        "fontWeight": "400",
      },
      Object {
        "textAlign": "left",
      },
      Array [
        Object {
          "textAlign": "center",
        },
        Object {
          "color": "#B00020",
        },
      ],
    ]
  }
  testID="error_text"
>
  Mocked Error Text
</Text>
`;
